// Jest Snapshot v1, https://goo.gl/fbAQLP

exports[`Test on <Form /> Should render component 1`] = `
<form
  className="container-fluid"
  onSubmit={[Function]}
>
  <div
    className="form-outline mb-4"
  >
    <input
      className="form-control"
      name="nameTask"
      onChange={[Function]}
      placeholder="Task name"
      value=""
    />
  </div>
  <div
    className="form-outline mb-4"
  >
    <input
      className="form-control"
      name="description"
      onChange={[Function]}
      placeholder="Task description"
      type="text"
      value=""
    />
  </div>
  <button
    className="btn btn-primary btn-block"
    type="submit"
  >
    Submit
  </button>
</form>
`;
